// Jest Snapshot v1, https://goo.gl/fbAQLP

exports[`ToDo reducer reducer should return the initial state 1`] = `
Object {
  "todos": Array [
    Object {
      "complete": false,
      "created": "2018-11-11T15:48:59.004Z",
      "id": 1,
      "label": "Start looking for a new job",
    },
    Object {
      "complete": true,
      "created": "2018-11-12T15:48:59.004Z",
      "id": 2,
      "label": "Take the dog to the vet",
    },
    Object {
      "complete": false,
      "created": "2018-11-13T15:48:59.004Z",
      "id": 3,
      "label": "Build Lego robot with Lily and Lucy",
    },
    Object {
      "complete": false,
      "created": "2018-11-14T15:48:59.004Z",
      "id": 4,
      "label": "Plan the family holiday trip",
    },
  ],
}
`;
